2026-07-30 10:15:04,351 [starlearn.stream] INFO [Startup] KB _COUNTER initialised
2026-07-30 10:15:04,410 [starlearn.stream] INFO [Startup] demo content: {'status': 'up-to-date', 'version': '2.1.0'}
2026-07-30 10:15:04,413 [starlearn.stream] INFO [Startup] HealthWorker started (interval=10s)
2026-07-30 10:15:04,582 [starlearn.stream] INFO [Startup] Memory consolidation cron started (03:00 daily)
2026-07-30 10:15:04,593 [starlearn.stream] INFO [Startup] Drift detection cron started (04:00 daily)
2026-07-30 10:15:04,593 [starlearn.stream] INFO [Startup] Total routes: 310, v2/textbook: 73
C:\Users\ZWC\AppData\Local\Programs\Python\Python312\Lib\site-packages\qdrant_client\qdrant_remote.py:282: UserWarning: Qdrant client version 1.18.0 is incompatible with server version 1.9.0. Major versions should match and minor version difference must not exceed 1. Set check_compatibility=False to skip version check.
  show_warning(
2026-07-30 10:15:15,010 [starlearn.request] INFO GET /docs -> 200 (1ms)
Qdrant upsert failed for KB-CON-0002: Unexpected Response: 400 (Bad Request)
Raw response content:
b'{"status":{"error":"Format error in JSON body: value KB-CON-0002 is not a valid point ID, valid values are either an unsigned integer or a UUID"},"time":0.0}'
2026-07-30 10:15:23,762 [starlearn.request] INFO POST /api/kb/ingest -> 200 (101ms)
Qdrant upsert failed for KB-CON-0003: Unexpected Response: 400 (Bad Request)
Raw response content:
b'{"status":{"error":"Format error in JSON body: value KB-CON-0003 is not a valid point ID, valid values are either an unsigned integer or a UUID"},"time":0.0}'
2026-07-30 10:15:24,130 [starlearn.request] INFO POST /api/kb/ingest -> 200 (33ms)
Qdrant upsert failed for KB-CON-0004: Unexpected Response: 400 (Bad Request)
Raw response content:
b'{"status":{"error":"Format error in JSON body: value KB-CON-0004 is not a valid point ID, valid values are either an unsigned integer or a UUID"},"time":0.0}'
2026-07-30 10:15:24,510 [starlearn.request] INFO POST /api/kb/ingest -> 200 (40ms)
